[2025-11-01T06:48:38.937353+00:00] 🧠 Savant Export v140 start 2025-11-01T06:48:38.937313+00:00
[2025-11-01T06:48:38.953076+00:00] ⚠️ No conversations.json found — skipping chat.
[2025-11-01T06:48:38.953997+00:00] 📦 Creating archive: savant_full_export_20251101_064838.zip
[2025-11-01T06:48:44.876926+00:00] ✅ Archive complete → /data/data/com.termux/files/home/savant/exports/savant_full_export_20251101_064838.zip
[2025-11-01T06:48:44.982095+00:00] 📥 Copied to Downloads → /storage/emulated/0/Download/savant_full_export_20251101_064838.zip
[2025-11-01T06:49:09.385856+00:00] ☁️ Uploaded to s3://savant-ai-cluster/exports/savant_full_export_20251101_064838.zip
[2025-11-01T06:49:09.443961+00:00] ⚠️ GitHub push failed: Command '['git', '-C', '/data/data/com.termux/files/home/savant', 'add', '/data/data/com.termux/files/home/savant/exports/savant_full_export_20251101_064838.zip']' returned non-zero exit status 128.
[2025-11-01T06:49:09.444536+00:00] ✅ Export v140 complete — all destinations updated.
[2025-11-01T08:03:08.355550+00:00] 🧠 Savant Export v140 start 2025-11-01T08:03:08.355513+00:00
[2025-11-01T08:03:08.356988+00:00] 🧩 Parsing chat JSON from /storage/emulated/0/Download/conversations.json
[2025-11-01T08:03:14.316678+00:00] 📦 Creating archive: savant_full_export_20251101_080314.zip
[2025-11-01T08:03:28.343478+00:00] ✅ Archive complete → /data/data/com.termux/files/home/savant/exports/savant_full_export_20251101_080314.zip
[2025-11-01T08:03:28.476348+00:00] 📥 Copied to Downloads → /storage/emulated/0/Download/savant_full_export_20251101_080314.zip
[2025-11-01T08:06:27.836778+00:00] ☁️ Uploaded to s3://savant-ai-cluster/exports/savant_full_export_20251101_080314.zip
[2025-11-01T08:06:27.897655+00:00] ⚠️ GitHub push failed: Command '['git', '-C', '/data/data/com.termux/files/home/savant', 'add', '/data/data/com.termux/files/home/savant/exports/savant_full_export_20251101_080314.zip']' returned non-zero exit status 128.
[2025-11-01T08:06:27.898095+00:00] ✅ Export v140 complete — all destinations updated.
[2025-11-01T13:22:03.928915+00:00] 🧠 Savant Export v140 start 2025-11-01T13:22:03.928896+00:00
[2025-11-01T13:22:03.931361+00:00] 🧩 Parsing chat JSON from /storage/emulated/0/Download/conversations.json
[2025-11-01T13:22:13.254105+00:00] 🧠 Savant Export v140 start 2025-11-01T13:22:13.254067+00:00
[2025-11-01T13:22:13.260622+00:00] ⚠️ No conversations.json found — skipping chat.
[2025-11-01T13:22:13.261325+00:00] 📦 Creating archive: savant_full_export_20251101_132213.zip
[2025-11-01T13:22:21.317088+00:00] ✅ Archive complete → /data/data/com.termux/files/home/savant/exports/savant_full_export_20251101_132213.zip
[2025-11-01T13:22:21.414090+00:00] 📥 Copied to Downloads → /storage/emulated/0/Download/savant_full_export_20251101_132213.zip
[2025-11-01T13:22:35.128432+00:00] ☁️ Uploaded to s3://savant-ai-cluster/exports/savant_full_export_20251101_132213.zip
[2025-11-01T13:22:35.177949+00:00] ⚠️ GitHub push failed: Command '['git', '-C', '/data/data/com.termux/files/home/savant', 'add', '/data/data/com.termux/files/home/savant/exports/savant_full_export_20251101_132213.zip']' returned non-zero exit status 128.
[2025-11-01T13:22:35.178694+00:00] ✅ Export v140 complete — all destinations updated.
[2025-11-01T17:02:57.172013+00:00] 🧠 Savant Export v140 start 2025-11-01T17:02:57.171974+00:00
[2025-11-01T17:02:57.177548+00:00] 🧩 Parsing chat JSON from /storage/emulated/0/Download/conversations.json
[2025-11-01T17:03:02.844695+00:00] 📦 Creating archive: savant_full_export_20251101_170302.zip
[2025-11-01T17:03:30.286547+00:00] ✅ Archive complete → /data/data/com.termux/files/home/savant/exports/savant_full_export_20251101_170302.zip
[2025-11-01T17:03:30.606582+00:00] 📥 Copied to Downloads → /storage/emulated/0/Download/savant_full_export_20251101_170302.zip
[2025-11-01T17:04:38.076156+00:00] ☁️ Uploaded to s3://savant-ai-cluster/exports/savant_full_export_20251101_170302.zip
[2025-11-01T18:00:29.280490+00:00] 🧠 Savant Export v140 start 2025-11-01T18:00:29.280463+00:00
[2025-11-01T18:00:29.322018+00:00] ⚠️ No conversations.json found — skipping chat.
[2025-11-01T18:00:29.322601+00:00] 📦 Creating archive: savant_full_export_20251101_180029.zip
