nohup: ignoring input
🛡️  Savant System Integrity Service active.
🧹 Removing empty quarantine file /data/data/com.termux/files/home/savant/quarantine/ts_version_4.5_and_above_is_required.d.ts
🧹 Removing empty quarantine file /data/data/com.termux/files/home/savant/quarantine/tfjs-backend-cpu_lib.externs.js
🧹 Removing empty quarantine file /data/data/com.termux/files/home/savant/quarantine/tfjs-backend-cpu_src_lib.externs.js
🧹 Removing empty quarantine file /data/data/com.termux/files/home/savant/quarantine/tfjs-backend-webgl_lib.externs.js
🧹 Removing empty quarantine file /data/data/com.termux/files/home/savant/quarantine/tfjs-backend-webgl_src_lib.externs.js
🧹 Removing empty quarantine file /data/data/com.termux/files/home/savant/quarantine/tfjs-layers_lib.externs.js
🧹 Removing empty quarantine file /data/data/com.termux/files/home/savant/quarantine/tfjs-layers_src_lib.externs.js
🧹 Removing empty quarantine file /data/data/com.termux/files/home/savant/quarantine/tfjs-converter_lib.externs.js
🧹 Removing empty quarantine file /data/data/com.termux/files/home/savant/quarantine/tfjs-converter_src_lib.externs.js
🧹 Removing empty quarantine file /data/data/com.termux/files/home/savant/quarantine/tfjs-data_lib.externs.js
🧹 Removing empty quarantine file /data/data/com.termux/files/home/savant/quarantine/tfjs-data_src_lib.externs.js
🧹 Removing empty quarantine file /data/data/com.termux/files/home/savant/quarantine/tfjs-core_lib.externs.js
🧹 Removing empty quarantine file /data/data/com.termux/files/home/savant/quarantine/tfjs-core_src_lib.externs.js
🧹 Removing empty quarantine file /data/data/com.termux/files/home/savant/quarantine/tfjs-core_test_lib.externs.js
🧹 Removing empty quarantine file /data/data/com.termux/files/home/savant/quarantine/test_snippets_util_lib.externs.js
🧹 Removing empty quarantine file /data/data/com.termux/files/home/savant/quarantine/.gitkeep
🧹 Removing empty quarantine file /data/data/com.termux/files/home/savant/quarantine/index_20210527203842.js
🧹 Removing empty quarantine file /data/data/com.termux/files/home/savant/quarantine/recovered_oriel_sources.txt
🧹 Removing empty quarantine file /data/data/com.termux/files/home/savant/quarantine/test_20210527205603.js
🧹 Removing empty quarantine file /data/data/com.termux/files/home/savant/quarantine/__init___231734_10-28-25.py
🧹 Removing empty quarantine file /data/data/com.termux/files/home/savant/quarantine/reflection_bootstrap.json
⚠️ Detected file modification: ['/data/data/com.termux/files/home/savant/logs/integrity_checksums.json']
⚠️ Detected file modification: ['/data/data/com.termux/files/home/savant/logs/integrity_checksums.json']
⚠️ Detected file modification: ['/data/data/com.termux/files/home/savant/logs/integrity_checksums.json']
⚠️ Detected file modification: ['/data/data/com.termux/files/home/savant/logs/integrity_checksums.json']
⚠️ Detected file modification: ['/data/data/com.termux/files/home/savant/logs/integrity_checksums.json']
⚠️ Detected file modification: ['/data/data/com.termux/files/home/savant/logs/integrity_checksums.json']
⚠️ Detected file modification: ['/data/data/com.termux/files/home/savant/logs/integrity_checksums.json']
⚠️ Detected file modification: ['/data/data/com.termux/files/home/savant/logs/integrity_checksums.json']
⚠️ Detected file modification: ['/data/data/com.termux/files/home/savant/logs/integrity_checksums.json']
⚠️ Detected file modification: ['/data/data/com.termux/files/home/savant/logs/integrity_checksums.json']
⚠️ Detected file modification: ['/data/data/com.termux/files/home/savant/logs/integrity_checksums.json']
⚠️ Detected file modification: ['/data/data/com.termux/files/home/savant/logs/integrity_checksums.json']
⚠️ Detected file modification: ['/data/data/com.termux/files/home/savant/logs/integrity_checksums.json']
⚠️ Detected file modification: ['/data/data/com.termux/files/home/savant/logs/integrity_checksums.json']
⚠️ Detected file modification: ['/data/data/com.termux/files/home/savant/logs/integrity_checksums.json']
⚠️ Detected file modification: ['/data/data/com.termux/files/home/savant/logs/integrity_checksums.json']
⚠️ Detected file modification: ['/data/data/com.termux/files/home/savant/logs/integrity_checksums.json']
⚠️ Detected file modification: ['/data/data/com.termux/files/home/savant/logs/integrity_checksums.json']
⚠️ Detected file modification: ['/data/data/com.termux/files/home/savant/logs/integrity_checksums.json']
⚠️ Detected file modification: ['/data/data/com.termux/files/home/savant/logs/integrity_checksums.json']
⚠️ Detected file modification: ['/data/data/com.termux/files/home/savant/logs/integrity_checksums.json']
⚠️ Detected file modification: ['/data/data/com.termux/files/home/savant/logs/integrity_checksums.json']
⚠️ Detected file modification: ['/data/data/com.termux/files/home/savant/logs/integrity_checksums.json']
⚠️ Detected file modification: ['/data/data/com.termux/files/home/savant/logs/integrity_checksums.json']
⚠️ Detected file modification: ['/data/data/com.termux/files/home/savant/logs/integrity_checksums.json']
⚠️ Detected file modification: ['/data/data/com.termux/files/home/savant/logs/integrity_checksums.json']
⚠️ Detected file modification: ['/data/data/com.termux/files/home/savant/logs/integrity_checksums.json']
⚠️ Detected file modification: ['/data/data/com.termux/files/home/savant/logs/integrity_checksums.json']
⚠️ Detected file modification: ['/data/data/com.termux/files/home/savant/logs/integrity_checksums.json']
⚠️ Detected file modification: ['/data/data/com.termux/files/home/savant/logs/integrity_checksums.json']
⚠️ Detected file modification: ['/data/data/com.termux/files/home/savant/logs/integrity_checksums.json']
⚠️ Detected file modification: ['/data/data/com.termux/files/home/savant/logs/integrity_checksums.json']
⚠️ Detected file modification: ['/data/data/com.termux/files/home/savant/logs/integrity_checksums.json']
⚠️ Detected file modification: ['/data/data/com.termux/files/home/savant/logs/integrity_checksums.json']
⚠️ Detected file modification: ['/data/data/com.termux/files/home/savant/logs/integrity_checksums.json']
⚠️ Detected file modification: ['/data/data/com.termux/files/home/savant/logs/integrity_checksums.json']
⚠️ Detected file modification: ['/data/data/com.termux/files/home/savant/logs/integrity_checksums.json']
⚠️ Detected file modification: ['/data/data/com.termux/files/home/savant/logs/integrity_checksums.json']
⚠️ Detected file modification: ['/data/data/com.termux/files/home/savant/logs/integrity_checksums.json']
⚠️ Detected file modification: ['/data/data/com.termux/files/home/savant/logs/integrity_checksums.json']
⚠️ Detected file modification: ['/data/data/com.termux/files/home/savant/logs/integrity_checksums.json']
⚠️ Detected file modification: ['/data/data/com.termux/files/home/savant/logs/integrity_checksums.json']
⚠️ Detected file modification: ['/data/data/com.termux/files/home/savant/logs/integrity_checksums.json']
⚠️ Detected file modification: ['/data/data/com.termux/files/home/savant/logs/integrity_checksums.json']
⚠️ Detected file modification: ['/data/data/com.termux/files/home/savant/logs/integrity_checksums.json']
⚠️ Detected file modification: ['/data/data/com.termux/files/home/savant/logs/integrity_checksums.json']
⚠️ Detected file modification: ['/data/data/com.termux/files/home/savant/logs/integrity_checksums.json']
⚠️ Detected file modification: ['/data/data/com.termux/files/home/savant/logs/integrity_checksums.json']
⚠️ Detected file modification: ['/data/data/com.termux/files/home/savant/logs/integrity_checksums.json']
⚠️ Detected file modification: ['/data/data/com.termux/files/home/savant/logs/integrity_checksums.json']
⚠️ Detected file modification: ['/data/data/com.termux/files/home/savant/logs/integrity_checksums.json']
⚠️ Detected file modification: ['/data/data/com.termux/files/home/savant/logs/integrity_checksums.json']
⚠️ Detected file modification: ['/data/data/com.termux/files/home/savant/logs/integrity_checksums.json']
⚠️ Detected file modification: ['/data/data/com.termux/files/home/savant/logs/integrity_checksums.json']
⚠️ Detected file modification: ['/data/data/com.termux/files/home/savant/logs/integrity_checksums.json']
⚠️ Detected file modification: ['/data/data/com.termux/files/home/savant/logs/integrity_checksums.json']
⚠️ Detected file modification: ['/data/data/com.termux/files/home/savant/logs/integrity_checksums.json']
⚠️ Detected file modification: ['/data/data/com.termux/files/home/savant/logs/integrity_checksums.json']
⚠️ Detected file modification: ['/data/data/com.termux/files/home/savant/logs/integrity_checksums.json']
⚠️ Detected file modification: ['/data/data/com.termux/files/home/savant/logs/integrity_checksums.json']
⚠️ Detected file modification: ['/data/data/com.termux/files/home/savant/logs/integrity_checksums.json']
⚠️ Detected file modification: ['/data/data/com.termux/files/home/savant/logs/integrity_checksums.json']
⚠️ Detected file modification: ['/data/data/com.termux/files/home/savant/logs/integrity_checksums.json']
⚠️ Detected file modification: ['/data/data/com.termux/files/home/savant/logs/integrity_checksums.json']
⚠️ Detected file modification: ['/data/data/com.termux/files/home/savant/logs/integrity_checksums.json']
⚠️ Detected file modification: ['/data/data/com.termux/files/home/savant/logs/integrity_checksums.json']
⚠️ Detected file modification: ['/data/data/com.termux/files/home/savant/logs/integrity_checksums.json']
⚠️ Detected file modification: ['/data/data/com.termux/files/home/savant/logs/integrity_checksums.json']
⚠️ Detected file modification: ['/data/data/com.termux/files/home/savant/logs/integrity_checksums.json']
⚠️ Detected file modification: ['/data/data/com.termux/files/home/savant/logs/integrity_checksums.json']
⚠️ Detected file modification: ['/data/data/com.termux/files/home/savant/logs/integrity_checksums.json']
⚠️ Detected file modification: ['/data/data/com.termux/files/home/savant/logs/integrity_checksums.json']
⚠️ Detected file modification: ['/data/data/com.termux/files/home/savant/logs/integrity_checksums.json']
⚠️ Detected file modification: ['/data/data/com.termux/files/home/savant/logs/integrity_checksums.json']
⚠️ Detected file modification: ['/data/data/com.termux/files/home/savant/logs/integrity_checksums.json']
⚠️ Detected file modification: ['/data/data/com.termux/files/home/savant/logs/integrity_checksums.json']
⚠️ Detected file modification: ['/data/data/com.termux/files/home/savant/logs/integrity_checksums.json']
⚠️ Detected file modification: ['/data/data/com.termux/files/home/savant/logs/integrity_checksums.json']
⚠️ Detected file modification: ['/data/data/com.termux/files/home/savant/logs/integrity_checksums.json']
⚠️ Detected file modification: ['/data/data/com.termux/files/home/savant/logs/integrity_checksums.json']
⚠️ Detected file modification: ['/data/data/com.termux/files/home/savant/logs/integrity_checksums.json']
⚠️ Detected file modification: ['/data/data/com.termux/files/home/savant/logs/integrity_checksums.json']
⚠️ Detected file modification: ['/data/data/com.termux/files/home/savant/logs/integrity_checksums.json']
⚠️ Detected file modification: ['/data/data/com.termux/files/home/savant/logs/integrity_checksums.json']
⚠️ Detected file modification: ['/data/data/com.termux/files/home/savant/logs/integrity_checksums.json']
⚠️ Detected file modification: ['/data/data/com.termux/files/home/savant/logs/integrity_checksums.json']
🧹 Removing empty quarantine file /data/data/com.termux/files/home/savant/quarantine/.deno.lock
🧹 Removing empty quarantine file /data/data/com.termux/files/home/savant/quarantine/.initialized
⚠️ Detected file modification: ['/data/data/com.termux/files/home/savant/logs/integrity_checksums.json']
🧹 Removing empty quarantine file /data/data/com.termux/files/home/savant/quarantine/.initialized
🧹 Removing empty quarantine file /data/data/com.termux/files/home/savant/quarantine/Three.Legacy.js
⚠️ Detected file modification: ['/data/data/com.termux/files/home/savant/logs/integrity_checksums.json']
⚠️ Detected file modification: ['/data/data/com.termux/files/home/savant/logs/integrity_checksums.json']
⚠️ Detected file modification: ['/data/data/com.termux/files/home/savant/logs/integrity_checksums.json']
⚠️ Detected file modification: ['/data/data/com.termux/files/home/savant/logs/integrity_checksums.json']
⚠️ Detected file modification: ['/data/data/com.termux/files/home/savant/logs/integrity_checksums.json']
⚠️ Detected file modification: ['/data/data/com.termux/files/home/savant/logs/integrity_checksums.json']
⚠️ Detected file modification: ['/data/data/com.termux/files/home/savant/logs/integrity_checksums.json']
⚠️ Detected file modification: ['/data/data/com.termux/files/home/savant/logs/integrity_checksums.json']
⚠️ Detected file modification: ['/data/data/com.termux/files/home/savant/logs/integrity_checksums.json']
⚠️ Detected file modification: ['/data/data/com.termux/files/home/savant/logs/integrity_checksums.json']
⚠️ Detected file modification: ['/data/data/com.termux/files/home/savant/logs/integrity_checksums.json']
⚠️ Detected file modification: ['/data/data/com.termux/files/home/savant/logs/integrity_checksums.json']
⚠️ Detected file modification: ['/data/data/com.termux/files/home/savant/logs/integrity_checksums.json']
⚠️ Detected file modification: ['/data/data/com.termux/files/home/savant/logs/integrity_checksums.json']
⚠️ Detected file modification: ['/data/data/com.termux/files/home/savant/logs/integrity_checksums.json']
⚠️ Detected file modification: ['/data/data/com.termux/files/home/savant/logs/integrity_checksums.json']
⚠️ Detected file modification: ['/data/data/com.termux/files/home/savant/logs/integrity_checksums.json']
⚠️ Detected file modification: ['/data/data/com.termux/files/home/savant/logs/integrity_checksums.json']
⚠️ Detected file modification: ['/data/data/com.termux/files/home/savant/logs/integrity_checksums.json']
⚠️ Detected file modification: ['/data/data/com.termux/files/home/savant/logs/integrity_checksums.json']
⚠️ Detected file modification: ['/data/data/com.termux/files/home/savant/logs/integrity_checksums.json']
⚠️ Detected file modification: ['/data/data/com.termux/files/home/savant/logs/integrity_checksums.json']
⚠️ Detected file modification: ['/data/data/com.termux/files/home/savant/logs/integrity_checksums.json']
⚠️ Detected file modification: ['/data/data/com.termux/files/home/savant/logs/integrity_checksums.json']
⚠️ Detected file modification: ['/data/data/com.termux/files/home/savant/logs/integrity_checksums.json']
⚠️ Detected file modification: ['/data/data/com.termux/files/home/savant/logs/integrity_checksums.json']
⚠️ Detected file modification: ['/data/data/com.termux/files/home/savant/logs/integrity_checksums.json']
⚠️ Detected file modification: ['/data/data/com.termux/files/home/savant/logs/integrity_checksums.json']
⚠️ Detected file modification: ['/data/data/com.termux/files/home/savant/logs/integrity_checksums.json']
⚠️ Detected file modification: ['/data/data/com.termux/files/home/savant/logs/integrity_checksums.json']
⚠️ Detected file modification: ['/data/data/com.termux/files/home/savant/logs/integrity_checksums.json']
⚠️ Detected file modification: ['/data/data/com.termux/files/home/savant/logs/integrity_checksums.json']
⚠️ Detected file modification: ['/data/data/com.termux/files/home/savant/logs/integrity_checksums.json']
⚠️ Detected file modification: ['/data/data/com.termux/files/home/savant/logs/integrity_checksums.json']
⚠️ Detected file modification: ['/data/data/com.termux/files/home/savant/logs/integrity_checksums.json']
⚠️ Detected file modification: ['/data/data/com.termux/files/home/savant/logs/integrity_checksums.json']
⚠️ Detected file modification: ['/data/data/com.termux/files/home/savant/logs/integrity_checksums.json']
⚠️ Detected file modification: ['/data/data/com.termux/files/home/savant/logs/integrity_checksums.json']
⚠️ Detected file modification: ['/data/data/com.termux/files/home/savant/logs/integrity_checksums.json']
⚠️ Detected file modification: ['/data/data/com.termux/files/home/savant/logs/integrity_checksums.json']
⚠️ Detected file modification: ['/data/data/com.termux/files/home/savant/logs/integrity_checksums.json']
⚠️ Detected file modification: ['/data/data/com.termux/files/home/savant/logs/integrity_checksums.json']
⚠️ Detected file modification: ['/data/data/com.termux/files/home/savant/logs/integrity_checksums.json']
⚠️ Detected file modification: ['/data/data/com.termux/files/home/savant/logs/integrity_checksums.json']
⚠️ Detected file modification: ['/data/data/com.termux/files/home/savant/logs/integrity_checksums.json']
⚠️ Detected file modification: ['/data/data/com.termux/files/home/savant/logs/integrity_checksums.json']
⚠️ Detected file modification: ['/data/data/com.termux/files/home/savant/logs/integrity_checksums.json']
⚠️ Detected file modification: ['/data/data/com.termux/files/home/savant/logs/integrity_checksums.json']
⚠️ Detected file modification: ['/data/data/com.termux/files/home/savant/logs/integrity_checksums.json']
⚠️ Detected file modification: ['/data/data/com.termux/files/home/savant/logs/integrity_checksums.json']
⚠️ Detected file modification: ['/data/data/com.termux/files/home/savant/logs/integrity_checksums.json']
⚠️ Detected file modification: ['/data/data/com.termux/files/home/savant/logs/integrity_checksums.json']
⚠️ Detected file modification: ['/data/data/com.termux/files/home/savant/logs/integrity_checksums.json']
⚠️ Detected file modification: ['/data/data/com.termux/files/home/savant/logs/integrity_checksums.json']
⚠️ Detected file modification: ['/data/data/com.termux/files/home/savant/logs/integrity_checksums.json']
⚠️ Detected file modification: ['/data/data/com.termux/files/home/savant/logs/integrity_checksums.json']
⚠️ Detected file modification: ['/data/data/com.termux/files/home/savant/logs/integrity_checksums.json']
⚠️ Detected file modification: ['/data/data/com.termux/files/home/savant/logs/integrity_checksums.json']
⚠️ Detected file modification: ['/data/data/com.termux/files/home/savant/logs/integrity_checksums.json']
⚠️ Detected file modification: ['/data/data/com.termux/files/home/savant/logs/integrity_checksums.json']
⚠️ Detected file modification: ['/data/data/com.termux/files/home/savant/logs/integrity_checksums.json']
⚠️ Detected file modification: ['/data/data/com.termux/files/home/savant/logs/integrity_checksums.json']
⚠️ Detected file modification: ['/data/data/com.termux/files/home/savant/logs/integrity_checksums.json']
⚠️ Detected file modification: ['/data/data/com.termux/files/home/savant/logs/integrity_checksums.json']
⚠️ Detected file modification: ['/data/data/com.termux/files/home/savant/logs/integrity_checksums.json']
⚠️ Detected file modification: ['/data/data/com.termux/files/home/savant/logs/integrity_checksums.json']
⚠️ Detected file modification: ['/data/data/com.termux/files/home/savant/logs/integrity_checksums.json']
⚠️ Detected file modification: ['/data/data/com.termux/files/home/savant/logs/integrity_checksums.json']
⚠️ Detected file modification: ['/data/data/com.termux/files/home/savant/logs/integrity_checksums.json']
⚠️ Detected file modification: ['/data/data/com.termux/files/home/savant/logs/integrity_checksums.json']
⚠️ Detected file modification: ['/data/data/com.termux/files/home/savant/logs/integrity_checksums.json']
⚠️ Detected file modification: ['/data/data/com.termux/files/home/savant/logs/integrity_checksums.json']
⚠️ Detected file modification: ['/data/data/com.termux/files/home/savant/logs/integrity_checksums.json']
⚠️ Detected file modification: ['/data/data/com.termux/files/home/savant/logs/integrity_checksums.json']
⚠️ Detected file modification: ['/data/data/com.termux/files/home/savant/logs/integrity_checksums.json']
⚠️ Detected file modification: ['/data/data/com.termux/files/home/savant/logs/integrity_checksums.json']
⚠️ Detected file modification: ['/data/data/com.termux/files/home/savant/logs/integrity_checksums.json']
⚠️ Detected file modification: ['/data/data/com.termux/files/home/savant/logs/integrity_checksums.json']
⚠️ Detected file modification: ['/data/data/com.termux/files/home/savant/logs/integrity_checksums.json']
⚠️ Detected file modification: ['/data/data/com.termux/files/home/savant/logs/integrity_checksums.json']
⚠️ Detected file modification: ['/data/data/com.termux/files/home/savant/logs/integrity_checksums.json']
⚠️ Detected file modification: ['/data/data/com.termux/files/home/savant/logs/integrity_checksums.json']
⚠️ Detected file modification: ['/data/data/com.termux/files/home/savant/logs/integrity_checksums.json']
⚠️ Detected file modification: ['/data/data/com.termux/files/home/savant/logs/integrity_checksums.json']
⚠️ Detected file modification: ['/data/data/com.termux/files/home/savant/logs/integrity_checksums.json']
⚠️ Detected file modification: ['/data/data/com.termux/files/home/savant/logs/integrity_checksums.json']
⚠️ Detected file modification: ['/data/data/com.termux/files/home/savant/logs/integrity_checksums.json']
⚠️ Detected file modification: ['/data/data/com.termux/files/home/savant/logs/integrity_checksums.json']
⚠️ Detected file modification: ['/data/data/com.termux/files/home/savant/logs/integrity_checksums.json']
⚠️ Detected file modification: ['/data/data/com.termux/files/home/savant/logs/integrity_checksums.json']
⚠️ Detected file modification: ['/data/data/com.termux/files/home/savant/logs/integrity_checksums.json']
⚠️ Detected file modification: ['/data/data/com.termux/files/home/savant/logs/integrity_checksums.json']
⚠️ Detected file modification: ['/data/data/com.termux/files/home/savant/logs/integrity_checksums.json']
⚠️ Detected file modification: ['/data/data/com.termux/files/home/savant/logs/integrity_checksums.json']
⚠️ Detected file modification: ['/data/data/com.termux/files/home/savant/logs/integrity_checksums.json']
⚠️ Detected file modification: ['/data/data/com.termux/files/home/savant/logs/integrity_checksums.json']
⚠️ Detected file modification: ['/data/data/com.termux/files/home/savant/logs/integrity_checksums.json']
⚠️ Detected file modification: ['/data/data/com.termux/files/home/savant/logs/integrity_checksums.json']
⚠️ Detected file modification: ['/data/data/com.termux/files/home/savant/logs/integrity_checksums.json']
⚠️ Detected file modification: ['/data/data/com.termux/files/home/savant/logs/integrity_checksums.json']
⚠️ Detected file modification: ['/data/data/com.termux/files/home/savant/logs/integrity_checksums.json']
⚠️ Detected file modification: ['/data/data/com.termux/files/home/savant/logs/integrity_checksums.json']
⚠️ Detected file modification: ['/data/data/com.termux/files/home/savant/logs/integrity_checksums.json']
⚠️ Detected file modification: ['/data/data/com.termux/files/home/savant/logs/integrity_checksums.json']
⚠️ Detected file modification: ['/data/data/com.termux/files/home/savant/logs/integrity_checksums.json']
⚠️ Detected file modification: ['/data/data/com.termux/files/home/savant/logs/integrity_checksums.json']
⚠️ Detected file modification: ['/data/data/com.termux/files/home/savant/logs/integrity_checksums.json']
⚠️ Detected file modification: ['/data/data/com.termux/files/home/savant/logs/integrity_checksums.json']
⚠️ Detected file modification: ['/data/data/com.termux/files/home/savant/logs/integrity_checksums.json']
⚠️ Detected file modification: ['/data/data/com.termux/files/home/savant/logs/integrity_checksums.json']
⚠️ Detected file modification: ['/data/data/com.termux/files/home/savant/logs/integrity_checksums.json']
⚠️ Detected file modification: ['/data/data/com.termux/files/home/savant/logs/integrity_checksums.json']
⚠️ Detected file modification: